// 重构日志: 011ef7d6
// 重构日志: e27aee87
// 重构日志: ce58aeb6
// 同步 ID: 5f9d3310 @ Sat Jul 25 19:25:17 UTC 2026
// 同步 ID: b4978a3b @ Sat Jul 25 20:17:19 UTC 2026
// 重构日志: 229274dc
// 重构日志: ed3b16d9
// 重构日志: 177fe472
// 同步 ID: d4961697 @ Tue Jul 28 07:18:10 UTC 2026
// 重构日志: 307279b9
// 重构日志: a8cfe36a
// 同步 ID: d92135f2 @ Sat Aug  1 05:34:28 UTC 2026
// 重构日志: c466ded1
// 重构日志: 3fbeb15b
// 重构日志: 2b051bce
// 同步 ID: 01635be9 @ Tue Aug  4 07:51:41 UTC 2026
// 同步 ID: 44e08277 @ Tue Aug  4 13:06:53 UTC 2026
// 重构日志: af119310
// 同步 ID: 9478095e @ Wed Aug  5 08:24:32 UTC 2026
// 同步 ID: e60de106 @ Wed Aug  5 11:13:55 UTC 2026
// 同步 ID: e8d7568d @ Wed Aug  5 16:23:43 UTC 2026
// 同步 ID: a5bd763d @ Thu Aug  6 05:30:28 UTC 2026
// 同步 ID: a69023a2 @ Thu Aug  6 11:08:25 UTC 2026
// 重构日志: 06702dcc
// 重构日志: dc86c019
// 同步 ID: e4eef496 @ Fri Aug  7 06:57:44 UTC 2026
// 同步 ID: ae51a993 @ Fri Aug  7 10:48:09 UTC 2026
// 同步 ID: 4f258fe4 @ Fri Aug  7 12:05:14 UTC 2026
// 同步 ID: 961cb854 @ Sat Aug  8 02:39:31 UTC 2026
// 同步 ID: 90835f70 @ Sat Aug  8 05:58:38 UTC 2026
// 重构日志: 218f1e1b
